// Jest Snapshot v1, https://goo.gl/fbAQLP

exports[`Cпециальные значения распознаются корректно 1`] = `"NIL (1,1): NIL"`;

exports[`Cпециальные значения распознаются корректно 2`] = `"PACKED (1,5): PACKED"`;

exports[`Cпециальные значения распознаются корректно 3`] = `"OF (1,12): OF"`;

exports[`Cпециальные значения распознаются корректно 4`] = `"ARRAY (1,15): ARRAY"`;

exports[`Cпециальные значения распознаются корректно 5`] = `"FILE (1,21): FILE"`;

exports[`Cпециальные значения распознаются корректно 6`] = `"SET (1,26): SET"`;

exports[`Cпециальные значения распознаются корректно 7`] = `"RECORD (1,30): RECORD"`;

exports[`Cпециальные значения распознаются корректно 8`] = `"END (1,37): END"`;

exports[`Cпециальные значения распознаются корректно 9`] = `"TYPE (1,41): TYPE"`;

exports[`Cпециальные значения распознаются корректно 10`] = `"VAR (1,46): VAR"`;

exports[`Cпециальные значения распознаются корректно 11`] = `"CASE (1,50): CASE"`;

exports[`Идентификатор распознается 1`] = `"IDENTIFIER (1,1): testCounter1"`;

exports[`Именованные специальные значения распознаются корректно 1`] = `"LPAREN (1,1): ("`;

exports[`Именованные специальные значения распознаются корректно 2`] = `"RPAREN (1,3): )"`;

exports[`Именованные специальные значения распознаются корректно 3`] = `"COMMA (1,5): ,"`;

exports[`Именованные специальные значения распознаются корректно 4`] = `"POINTS (1,7): .."`;

exports[`Именованные специальные значения распознаются корректно 5`] = `"CARET (1,10): ^"`;

exports[`Именованные специальные значения распознаются корректно 6`] = `"PLUS (1,12): +"`;

exports[`Именованные специальные значения распознаются корректно 7`] = `"MINUS (1,14): -"`;

exports[`Именованные специальные значения распознаются корректно 8`] = `"LBRACKET (1,16): ["`;

exports[`Именованные специальные значения распознаются корректно 9`] = `"RBRACKET (1,18): ]"`;

exports[`Именованные специальные значения распознаются корректно 10`] = `"EQUAL (1,20): ="`;

exports[`Именованные специальные значения распознаются корректно 11`] = `"COLON (1,22): :"`;

exports[`Именованные специальные значения распознаются корректно 12`] = `"SEMICOLON (1,24): ;"`;

exports[`Конец строки распознается 1`] = `"EOF (-1,-1): "`;

exports[`Распознается самая длинная лексема 1`] = `"IDENTIFIER (1,1): VARCHAR"`;

exports[`Столбцы считаются корректно 1`] = `"UNSIGNED_NUMBER (1,3): 1234"`;

exports[`Строки распознаются 1`] = `"STRING (1,1): 'adsas'"`;

exports[`Строки распознаются 2`] = `"STRING (1,9): 'hello world!'"`;

exports[`Строки считаются после \\n корректно 1`] = `"UNSIGNED_NUMBER (4,5): 1234"`;

exports[`Строки считаются после \\r\\n корректно 1`] = `"UNSIGNED_NUMBER (2,1): 1234"`;

exports[`Управляющие символы в строках не распознаются 1`] = `"ERROR (1,1): "`;

exports[`Управляющие символы в строках не распознаются 2`] = `"IDENTIFIER (2,1): sdfsd"`;

exports[`Управляющие символы в строках не распознаются 3`] = `"ERROR (2,6): "`;

exports[`Целые беззнаковые числа распознаются 1`] = `"UNSIGNED_NUMBER (1,1): 011010"`;

exports[`Целые беззнаковые числа распознаются 2`] = `"UNSIGNED_NUMBER (1,8): 123"`;

exports[`Целые беззнаковые числа распознаются 3`] = `"UNSIGNED_NUMBER (1,12): 456"`;

exports[`Целые беззнаковые числа распознаются 4`] = `"UNSIGNED_NUMBER (1,16): 1"`;

exports[`Целые беззнаковые числа распознаются 5`] = `"UNSIGNED_NUMBER (1,18): 0"`;

exports[`Числа с плавающей точкой распознаются 1`] = `"UNSIGNED_NUMBER (1,1): 1E+11"`;

exports[`Числа с плавающей точкой распознаются 2`] = `"UNSIGNED_NUMBER (1,7): 42E-11"`;

exports[`Числа с плавающей точкой распознаются 3`] = `"UNSIGNED_NUMBER (1,14): 42E11"`;

exports[`Числа с плавающей точкой распознаются 4`] = `"UNSIGNED_NUMBER (1,20): 42.11E+11"`;

exports[`Числа с плавающей точкой распознаются 5`] = `"UNSIGNED_NUMBER (1,30): 42.11E-11"`;

exports[`Числа с плавающей точкой распознаются 6`] = `"UNSIGNED_NUMBER (1,40): 42.11E11"`;
